Name                                                                           Stmts   Miss  Cover
--------------------------------------------------------------------------------------------------
config\__init__.py                                                                 0      0   100%
config\asgi.py                                                                     4      4     0%
config\settings.py                                                                29      0   100%
config\urls.py                                                                     3      0   100%
config\wsgi.py                                                                     4      4     0%
manage.py                                                                         11      2    82%
ttracker\__init__.py                                                               0      0   100%
ttracker\admin.py                                                                 10      0   100%
ttracker\apps.py                                                                   4      0   100%
ttracker\management\__init__.py                                                    0      0   100%
ttracker\management\commands\__init__.py                                           0      0   100%
ttracker\management\commands\generate_emp_fixture.py                              17     17     0%
ttracker\migrations\0001_initial.py                                                7      0   100%
ttracker\migrations\0002_employee_vacation_status_task_is_active_and_more.py       6      0   100%
ttracker\migrations\0003_remove_task_is_important.py                               4      0   100%
ttracker\migrations\__init__.py                                                    0      0   100%
ttracker\models.py                                                                39      2    95%
ttracker\paginators.py                                                             3      0   100%
ttracker\serializer.py                                                            46      9    80%
ttracker\tests.py                                                                 45      0   100%
ttracker\urls.py                                                                   8      0   100%
ttracker\validators.py                                                            10      1    90%
ttracker\views.py                                                                 75     34    55%
users\__init__.py                                                                  0      0   100%
users\admin.py                                                                     6      0   100%
users\apps.py                                                                      4      0   100%
users\management\__init__.py                                                       0      0   100%
users\management\commands\__init__.py                                              0      0   100%
users\management\commands\csu.py                                                  10     10     0%
users\migrations\0001_initial.py                                                   8      0   100%
users\migrations\0002_alter_user_username.py                                       4      0   100%
users\migrations\__init__.py                                                       0      0   100%
users\models.py                                                                   16      1    94%
users\serializer.py                                                                6      0   100%
users\tests.py                                                                     1      0   100%
users\urls.py                                                                      9      0   100%
users\views.py                                                                    23     12    48%
--------------------------------------------------------------------------------------------------
TOTAL                                                                            412     96    77%
